{
    "BCFTOOLS_CONSENSUS - stub - wiring and output names": {
        "content": [
            {
                "0": [
                    [
                        {
                            "id": "test"
                        },
                        "test.consensus.fna:md5,d41d8cd98f00b204e9800998ecf8427e"
                    ]
                ],
                "consensus": [
                    [
                        {
                            "id": "test"
                        },
                        "test.consensus.fna:md5,d41d8cd98f00b204e9800998ecf8427e"
                    ]
                ]
            }
        ],
        "meta": {
            "nf-test": "0.9.3",
            "nextflow": "26.04.6"
        },
        "timestamp": "2026-09-15T14:04:32.498568"
    }
}